// Jest Snapshot v1, https://goo.gl/fbAQLP

exports[`scripts/redis-doc/commands/command.md example 1 1`] = `
Array [
  "await client.command()  => 'typeOf => array'",
]
`;
