// Jest Snapshot v1, https://goo.gl/fbAQLP

exports[`scripts/redis-doc/commands/command-count.md example 1 1`] = `
Array [
  "await handy.command(\\"COUNT\\")  => \\"[a number]\\"",
]
`;
