// Jest Snapshot v1, https://goo.gl/fbAQLP

exports[`scripts/redis-doc/commands/echo.md example 1 1`] = `
Array [
  "await handy.echo(\\"Hello World!\\")  => \\"Hello World!\\"",
]
`;
