// Jest Snapshot v1, https://goo.gl/fbAQLP

exports[`scripts/redis-doc/commands/georadiusbymember.md example 1 1`] = `
Array [
  "await handy.geoadd(\\"Sicily\\", [13.583333, 37.316667, \\"Agrigento\\"])                                   => 1",
  "await handy.geoadd(\\"Sicily\\", [13.361389, 38.115556, \\"Palermo\\"], [15.087269, 37.502669, \\"Catania\\"])  => 2",
  "await handy.georadiusbymember(\\"Sicily\\", \\"Agrigento\\", 100, \\"km\\")                                     => [\\"Agrigento\\",\\"Palermo\\"]",
]
`;
