// Jest Snapshot v1, https://goo.gl/fbAQLP

exports[`scripts/redis-doc/commands/getrange.md example 1 1`] = `
Array [
  "await client.set('mykey', 'This is a string')  => 'OK'",
  "await client.getrange('mykey', 0, 3)           => 'This'",
  "await client.getrange('mykey', -3, -1)         => 'ing'",
  "await client.getrange('mykey', 0, -1)          => 'This is a string'",
  "await client.getrange('mykey', 10, 100)        => 'string'",
]
`;
