// Jest Snapshot v1, https://goo.gl/fbAQLP

exports[`scripts/redis-doc/commands/getset.md example 1 1`] = `
Array [
  "await client.incr('mycounter')         => 1",
  "await client.getset('mycounter', '0')  => '1'",
  "await client.get('mycounter')          => '0'",
]
`;

exports[`scripts/redis-doc/commands/getset.md example 2 1`] = `
Array [
  "await client.set('mykey', 'Hello')     => 'OK'",
  "await client.getset('mykey', 'World')  => 'Hello'",
  "await client.get('mykey')              => 'World'",
]
`;
