// Jest Snapshot v1, https://goo.gl/fbAQLP

exports[`scripts/redis-doc/commands/hdel.md example 1 1`] = `
Array [
  "await handy.hset('myhash', 'field1', 'foo')  => 1",
  "await handy.hdel('myhash', 'field1')         => 1",
  "await handy.hdel('myhash', 'field2')         => 0",
]
`;
