// Jest Snapshot v1, https://goo.gl/fbAQLP

exports[`scripts/redis-doc/commands/hget.md example 1 1`] = `
Array [
  "await handy.hset(\\"myhash\\", \\"field1\\", \\"foo\\")  => 1",
  "await handy.hget(\\"myhash\\", \\"field1\\")         => \\"Hello\\"",
  "await handy.hget(\\"myhash\\", \\"field2\\")         => \\"World\\"",
]
`;
