// Jest Snapshot v1, https://goo.gl/fbAQLP

exports[`scripts/redis-doc/commands/hincrbyfloat.md example 1 1`] = `
Array [
  "await client.hset('mykey', ['field', '10.50'])    => 1",
  "await client.hincrbyfloat('mykey', 'field', 0.1)  => '10.6'",
  "await client.hincrbyfloat('mykey', 'field', -5)   => '5.6'",
  "await client.hset('mykey', ['field', '5.0e3'])    => 0",
  "await client.hincrbyfloat('mykey', 'field', 200)  => '5200'",
]
`;
