// Jest Snapshot v1, https://goo.gl/fbAQLP

exports[`scripts/redis-doc/commands/hkeys.md example 1 1`] = `
Array [
  "await handy.hset('myhash', 'field1', 'Hello')  => 1",
  "await handy.hset('myhash', 'field2', 'World')  => 1",
  "await handy.hkeys('myhash')                    => ['field1','field2']",
]
`;
