// Jest Snapshot v1, https://goo.gl/fbAQLP

exports[`scripts/redis-doc/commands/hmget.md example 1 1`] = `
Array [
  "await client.hset('myhash', 'field1', 'Hello')               => 1",
  "await client.hset('myhash', 'field2', 'World')               => 1",
  "await client.hmget('myhash', 'field1', 'field2', 'nofield')  => ['Hello','World',null]",
]
`;
