// Jest Snapshot v1, https://goo.gl/fbAQLP

exports[`scripts/redis-doc/commands/hmset.md example 1 1`] = `
Array [
  "await client.hmset('myhash', ['field1', 'Hello'], ['field2', 'World'])  => 'OK'",
  "await client.hget('myhash', 'field1')                                   => 'Hello'",
  "await client.hget('myhash', 'field2')                                   => 'World'",
]
`;
