// Jest Snapshot v1, https://goo.gl/fbAQLP

exports[`scripts/redis-doc/commands/hset.md example 1 1`] = `
Array [
  "await handy.hset('myhash', 'field1', 'Hello')  => 1",
  "await handy.hget('myhash', 'field1')           => 'Hello'",
]
`;
