// Jest Snapshot v1, https://goo.gl/fbAQLP

exports[`scripts/redis-doc/commands/incrby.md example 1 1`] = `
Array [
  "await client.set('mykey', '10')  => 'OK'",
  "await client.incrby('mykey', 5)  => 15",
]
`;
