// Jest Snapshot v1, https://goo.gl/fbAQLP

exports[`scripts/redis-doc/commands/linsert.md example 1 1`] = `
Array [
  "await client.rpush('mylist', 'Hello')                       => 1",
  "await client.rpush('mylist', 'World')                       => 2",
  "await client.linsert('mylist', 'BEFORE', 'World', 'There')  => 3",
  "await client.lrange('mylist', 0, -1)                        => ['Hello','There','World']",
]
`;
