// Jest Snapshot v1, https://goo.gl/fbAQLP

exports[`scripts/redis-doc/commands/lrange.md example 1 1`] = `
Array [
  "await handy.rpush(\\"mylist\\", \\"one\\")       => 1",
  "await handy.rpush(\\"mylist\\", \\"two\\")       => 2",
  "await handy.rpush(\\"mylist\\", \\"three\\")     => 3",
  "await handy.lrange(\\"mylist\\", 0, 0)       => [\\"one\\"]",
  "await handy.lrange(\\"mylist\\", -3, 2)      => [\\"one\\",\\"two\\",\\"three\\"]",
  "await handy.lrange(\\"mylist\\", -100, 100)  => [\\"one\\",\\"two\\",\\"three\\"]",
  "await handy.lrange(\\"mylist\\", 5, 10)      => []",
]
`;
