// Jest Snapshot v1, https://goo.gl/fbAQLP

exports[`scripts/redis-doc/commands/msetnx.md example 1 1`] = `
Array [
  "await handy.msetnx([\\"key1\\", \\"Hello\\"], [\\"key2\\", \\"there\\"])  => 1",
  "await handy.msetnx([\\"key2\\", \\"there\\"], [\\"key3\\", \\"world\\"])  => 1",
  "await handy.mget(\\"key1\\", \\"key2\\", \\"key3\\")                  => [null,\\"there\\",\\"world\\"]",
]
`;
