// Jest Snapshot v1, https://goo.gl/fbAQLP

exports[`scripts/redis-doc/commands/rename.md example 1 1`] = `
Array [
  "await handy.set(\\"mykey\\", \\"Hello\\")          => \\"OK\\"",
  "await handy.rename(\\"mykey\\", \\"myotherkey\\")  => \\"OK\\"",
  "await handy.get(\\"myotherkey\\")              => null",
]
`;
