// Jest Snapshot v1, https://goo.gl/fbAQLP

exports[`scripts/redis-doc/commands/rpush.md example 1 1`] = `
Array [
  "await handy.rpush(\\"mylist\\", \\"hello\\")  => 1",
  "await handy.rpush(\\"mylist\\", \\"world\\")  => 2",
  "await handy.lrange(\\"mylist\\", 0, -1)   => [\\"hello\\",\\"world\\"]",
]
`;
