// Jest Snapshot v1, https://goo.gl/fbAQLP

exports[`scripts/redis-doc/commands/scard.md example 1 1`] = `
Array [
  "await handy.sadd('myset', 'Hello')  => 1",
  "await handy.sadd('myset', 'World')  => 1",
  "await handy.scard('myset')          => 2",
]
`;
