// Jest Snapshot v1, https://goo.gl/fbAQLP

exports[`scripts/redis-doc/commands/sdiff.md example 1 1`] = `
Array [
  "await handy.sadd('key1', 'a')      => 1",
  "await handy.sadd('key1', 'b')      => 1",
  "await handy.sadd('key1', 'c')      => 1",
  "await handy.sadd('key2', 'c')      => 1",
  "await handy.sadd('key2', 'd')      => 1",
  "await handy.sadd('key2', 'e')      => 1",
  "await handy.sdiff('key1', 'key2')  => 'sorted => [ \\"a\\", \\"b\\" ]'",
]
`;
