// Jest Snapshot v1, https://goo.gl/fbAQLP

exports[`scripts/redis-doc/commands/xrange.md example 1 1`] = `
Array [
  "// not implemented by node redis: await client.xadd(\`Couldn\\"t format arguments: Couldn\\"t find command 'xadd'\`)      => '// not implemented by node redis: await client.xadd(\`Couldn\\"t format arguments: Couldn\\"t find command \\\\'xadd\\\\'\`)'",
  "// not implemented by node redis: await client.xadd(\`Couldn\\"t format arguments: Couldn\\"t find command 'xadd'\`)      => '// not implemented by node redis: await client.xadd(\`Couldn\\"t format arguments: Couldn\\"t find command \\\\'xadd\\\\'\`)'",
  "// not implemented by node redis: await client.xadd(\`Couldn\\"t format arguments: Couldn\\"t find command 'xadd'\`)      => '// not implemented by node redis: await client.xadd(\`Couldn\\"t format arguments: Couldn\\"t find command \\\\'xadd\\\\'\`)'",
  "// not implemented by node redis: await client.xadd(\`Couldn\\"t format arguments: Couldn\\"t find command 'xadd'\`)      => '// not implemented by node redis: await client.xadd(\`Couldn\\"t format arguments: Couldn\\"t find command \\\\'xadd\\\\'\`)'",
  "// not implemented by node redis: await client.xadd(\`Couldn\\"t format arguments: Couldn\\"t find command 'xadd'\`)      => '// not implemented by node redis: await client.xadd(\`Couldn\\"t format arguments: Couldn\\"t find command \\\\'xadd\\\\'\`)'",
  "// not implemented by node redis: await client.xlen(\`Couldn\\"t format arguments: Couldn\\"t find command 'xlen'\`)      => '// not implemented by node redis: await client.xlen(\`Couldn\\"t format arguments: Couldn\\"t find command \\\\'xlen\\\\'\`)'",
  "// not implemented by node redis: await client.xrange(\`Couldn\\"t format arguments: Couldn\\"t find command 'xrange'\`)  => '// not implemented by node redis: await client.xrange(\`Couldn\\"t format arguments: Couldn\\"t find command \\\\'xrange\\\\'\`)'",
]
`;
