// Jest Snapshot v1, https://goo.gl/fbAQLP

exports[`scripts/redis-doc/commands/zinterstore.md example 1 1`] = `
Array [
  "await client.zadd('zset1', [1, 'one'])                                     => 1",
  "await client.zadd('zset1', [2, 'two'])                                     => 1",
  "await client.zadd('zset2', [1, 'one'])                                     => 1",
  "await client.zadd('zset2', [2, 'two'])                                     => 1",
  "await client.zadd('zset2', [3, 'three'])                                   => 1",
  "await client.zinterstore('out', 2, 'zset1', 'zset2', 'WEIGHTS', '2', '3')  => 2",
  "await client.zrange('out', 0, -1, 'WITHSCORES')                            => ['one','5','two','10']",
]
`;
