// Jest Snapshot v1, https://goo.gl/fbAQLP

exports[`scripts/redis-doc/commands/zrangebylex.md example 1 1`] = `
Array [
  "await client.zadd('myzset', [0, 'a'], [0, 'b'], [0, 'c'], [0, 'd'], [0, 'e'], [0, 'f'], [0, 'g'])  => 7",
  "await client.zrangebylex('myzset', '-', '[c')                                                      => ['a','b','c']",
  "await client.zrangebylex('myzset', '-', '(c')                                                      => ['a','b']",
  "await client.zrangebylex('myzset', '[aaa', '(g')                                                   => ['b','c','d','e','f']",
]
`;
