// Jest Snapshot v1, https://goo.gl/fbAQLP

exports[`scripts/redis-doc/commands/zrange.md example 1 1`] = `
Array [
  "await handy.zadd('myzset', [1, 'one'])    => 1",
  "await handy.zadd('myzset', [2, 'two'])    => 1",
  "await handy.zadd('myzset', [3, 'three'])  => 1",
  "await handy.zrange('myzset', 0, -1)       => ['one','two','three']",
  "await handy.zrange('myzset', 2, 3)        => ['three']",
  "await handy.zrange('myzset', -2, -1)      => ['two','three']",
]
`;

exports[`scripts/redis-doc/commands/zrange.md example 2 1`] = `
Array [
  "await handy.zrange('myzset', 0, 1, 'WITHSCORES')  => []",
]
`;
