// Jest Snapshot v1, https://goo.gl/fbAQLP

exports[`scripts/redis-doc/commands/zrem.md example 1 1`] = `
Array [
  "await handy.zadd(\\"myzset\\", [1, \\"one\\"])             => 1",
  "await handy.zadd(\\"myzset\\", [2, \\"two\\"])             => 1",
  "await handy.zadd(\\"myzset\\", [3, \\"three\\"])           => 1",
  "await handy.zrem(\\"myzset\\", \\"two\\")                  => 1",
  "await handy.zrange(\\"myzset\\", 0, -1, \\"WITHSCORES\\")  => [\\"one\\",\\"1\\",\\"three\\",\\"3\\"]",
]
`;
