// Jest Snapshot v1, https://goo.gl/fbAQLP

exports[`scripts/redis-doc/commands/zremrangebyrank.md example 1 1`] = `
Array [
  "await handy.zadd(\\"myzset\\", [1, \\"one\\"])             => 1",
  "await handy.zadd(\\"myzset\\", [2, \\"two\\"])             => 0",
  "await handy.zadd(\\"myzset\\", [3, \\"three\\"])           => 0",
  "await handy.zremrangebyrank(\\"myzset\\", 0, 1)        => 2",
  "await handy.zrange(\\"myzset\\", 0, -1, \\"WITHSCORES\\")  => [\\"three\\",\\"3\\"]",
]
`;
