// Jest Snapshot v1, https://goo.gl/fbAQLP

exports[`scripts/redis-doc/commands/zrevrank.md example 1 1`] = `
Array [
  "await client.zadd('myzset', [1, 'one'])    => 1",
  "await client.zadd('myzset', [2, 'two'])    => 1",
  "await client.zadd('myzset', [3, 'three'])  => 1",
  "await client.zrevrank('myzset', 'one')     => 2",
  "await client.zrevrank('myzset', 'four')    => null",
]
`;
