// Jest Snapshot v1, https://goo.gl/fbAQLP

exports[`scripts/redis-doc/commands/zunionstore.md example 1 1`] = `
Array [
  "await handy.zadd(\\"zset1\\", [1, \\"one\\"])                                     => 1",
  "await handy.zadd(\\"zset1\\", [2, \\"two\\"])                                     => 1",
  "await handy.zadd(\\"zset2\\", [1, \\"one\\"])                                     => 1",
  "await handy.zadd(\\"zset2\\", [2, \\"two\\"])                                     => 1",
  "await handy.zadd(\\"zset2\\", [3, \\"three\\"])                                   => 1",
  "await handy.zunionstore(\\"out\\", 2, \\"zset1\\", \\"zset2\\", \\"WEIGHTS\\", \\"2\\", \\"3\\")  => 2",
  "await handy.zrange(\\"out\\", 0, -1, \\"WITHSCORES\\")                            => []",
]
`;
