// Jest Snapshot v1, https://goo.gl/fbAQLP

exports[`scripts/more-cli-examples/dbsize.md example 1 1`] = `
Array [
  "await handy.dbsize()  => 0",
]
`;
